// Jest Snapshot v1, https://goo.gl/fbAQLP

exports[`renders correclty when inputName is "name" snapshot 1`] = `
<View>
  <Text
    style={
      Object {
        "fontSize": 16,
        "marginBottom": 10,
      }
    }
    testID="inputTitle"
  >
    First Name
  </Text>
  <Component
    allowFontScaling={true}
    onChangeText={[Function]}
    rejectResponderTermination={true}
    secureTextEntry={false}
    style={
      Array [
        Object {
          "borderColor": "gray",
          "borderWidth": 1,
          "height": 40,
          "marginBottom": 10,
        },
        Object {
          "borderColor": "black",
        },
      ]
    }
    testID="input"
    underlineColorAndroid="transparent"
    value=""
  />
</View>
`;
