// Jest Snapshot v1, https://goo.gl/fbAQLP

exports[`component renders correctly snapshot 1`] = `
<View
  style={
    Object {
      "alignContent": "center",
      "alignItems": "center",
      "alignSelf": "center",
      "flexDirection": "row",
      "height": 50,
      "justifyContent": "center",
      "width": "50%",
    }
  }
  testID="container"
>
  <Icon
    allowFontScaling={false}
    color="#6472ee"
    name="caretright"
    size={20}
    testID="icon"
  />
  <FlatList
    data={
      Array [
        Object {
          "id": "1",
          "title": "1",
        },
        Object {
          "id": "2",
          "title": "2",
        },
        Object {
          "id": "3",
          "title": "3",
        },
        Object {
          "id": "4",
          "title": "4",
        },
        Object {
          "id": "5",
          "title": "5",
        },
      ]
    }
    disableVirtualization={false}
    horizontal={false}
    initialNumToRender={10}
    keyExtractor={[Function]}
    maxToRenderPerBatch={10}
    numColumns={1}
    onEndReachedThreshold={2}
    removeClippedSubviews={false}
    renderItem={[Function]}
    scrollEventThrottle={50}
    showsVerticalScrollIndicator={false}
    testID="list"
    updateCellsBatchingPeriod={50}
    windowSize={21}
  />
  <Icon
    allowFontScaling={false}
    color="#6472ee"
    name="caretleft"
    size={20}
    testID="icon"
  />
</View>
`;
